// Jest Snapshot v1, https://goo.gl/fbAQLP

exports[`html elements should pass htmlContent and htmlTranslate props correctly 1`] = `"<div class="stylix-1" content="html-content" translate="yes" data-testid="div"></div>"`;

exports[`html elements should pass htmlContent and htmlTranslate props correctly 2`] = `
".stylix-1 {
  color: red;
  content: "css-content";
  translate: 10px; }"
`;
